// Jest Snapshot v1, https://goo.gl/fbAQLP

exports[`<Auth /> Enzyme tests allows us to simulate change event 1`] = `
<Auth__Container
  source={1}
>
  <Auth__Header>
    <Auth__Title>
      Welcome!
    </Auth__Title>
  </Auth__Header>
  <FadeInLoader>
    <Auth__Box>
      <Auth__Group>
        <FloatingLabelInput
          changeHandle={[Function]}
          placeholder="Login"
          secureTextEntry={false}
          value="test@test"
        />
      </Auth__Group>
      <Auth__Group>
        <FloatingLabelInput
          changeHandle={[Function]}
          placeholder="Password"
          secureTextEntry={true}
          value="testtesttest"
        />
        <Auth__Forgot>
          <Link
            component={[Function]}
            replace={false}
            to="/forgot"
          >
            <Auth__ForgotText>
              Forgot Password?
            </Auth__ForgotText>
          </Link>
        </Auth__Forgot>
      </Auth__Group>
    </Auth__Box>
  </FadeInLoader>
  <Auth__Actions>
    <Auth__Submit
      activeOpacity={0.9}
    >
      <Auth__SubmitText>
        Sing in
      </Auth__SubmitText>
    </Auth__Submit>
    <_default
      path="/registry"
      question="Still don’t have an account?"
      route="Register now!"
    />
  </Auth__Actions>
</Auth__Container>
`;

exports[`<Auth /> Jest tests renders correctly 1`] = `
<View
  accessibilityIgnoresInvertColors={true}
  style={
    Array [
      Object {
        "flexBasis": 0,
        "flexGrow": 1,
        "flexShrink": 1,
        "justifyContent": "space-between",
        "paddingBottom": 32,
        "paddingLeft": 0,
        "paddingRight": 0,
        "paddingTop": 32,
        "resizeMode": "cover",
      },
    ]
  }
>
  <Image
    source={1}
    style={
      Array [
        Object {
          "bottom": 0,
          "left": 0,
          "position": "absolute",
          "right": 0,
          "top": 0,
        },
        Object {
          "height": undefined,
          "width": undefined,
        },
        undefined,
      ]
    }
  />
  <View
    style={
      Array [
        Object {
          "position": "relative",
          "top": "15%",
        },
      ]
    }
  >
    <Text
      style={
        Array [
          Object {
            "color": "#fff",
            "fontFamily": "Roboto-Thin",
            "fontSize": 42,
            "textAlign": "center",
          },
        ]
      }
    >
      Welcome!
    </Text>
  </View>
  <View
    style={
      Object {
        "opacity": 0,
      }
    }
  >
    <View
      style={
        Array [
          Object {
            "paddingBottom": 0,
            "paddingLeft": 16,
            "paddingRight": 16,
            "paddingTop": 0,
          },
        ]
      }
    >
      <View
        style={
          Array [
            Object {
              "marginBottom": 14,
            },
          ]
        }
      >
        <View
          style={
            Array [
              Object {
                "position": "relative",
              },
            ]
          }
        >
          <Text
            style={
              Object {
                "fontSize": 22,
                "left": 14,
                "opacity": 1,
                "position": "absolute",
                "top": 18,
              }
            }
          >
            <Text
              style={
                Array [
                  Object {
                    "color": "#fff",
                    "fontFamily": "Roboto-Light",
                  },
                ]
              }
            >
              Login
            </Text>
          </Text>
          <TextInput
            allowFontScaling={true}
            onBlur={[Function]}
            onChangeText={[Function]}
            onFocus={[Function]}
            rejectResponderTermination={true}
            secureTextEntry={false}
            style={
              Array [
                Object {
                  "borderBottomColor": "rgba(211,200,230,0.5)",
                  "borderBottomWidth": 1,
                  "color": "#fff",
                  "fontFamily": "Roboto-Light",
                  "fontSize": 16,
                  "paddingBottom": 18,
                  "paddingLeft": 14,
                  "paddingRight": 14,
                  "paddingTop": 18,
                },
              ]
            }
            underlineColorAndroid="transparent"
            value=""
          />
        </View>
      </View>
      <View
        style={
          Array [
            Object {
              "marginBottom": 14,
            },
          ]
        }
      >
        <View
          style={
            Array [
              Object {
                "position": "relative",
              },
            ]
          }
        >
          <Text
            style={
              Object {
                "fontSize": 22,
                "left": 14,
                "opacity": 1,
                "position": "absolute",
                "top": 18,
              }
            }
          >
            <Text
              style={
                Array [
                  Object {
                    "color": "#fff",
                    "fontFamily": "Roboto-Light",
                  },
                ]
              }
            >
              Password
            </Text>
          </Text>
          <TextInput
            allowFontScaling={true}
            onBlur={[Function]}
            onChangeText={[Function]}
            onFocus={[Function]}
            rejectResponderTermination={true}
            secureTextEntry={true}
            style={
              Array [
                Object {
                  "borderBottomColor": "rgba(211,200,230,0.5)",
                  "borderBottomWidth": 1,
                  "color": "#fff",
                  "fontFamily": "Roboto-Light",
                  "fontSize": 16,
                  "paddingBottom": 18,
                  "paddingLeft": 14,
                  "paddingRight": 14,
                  "paddingTop": 18,
                },
              ]
            }
            underlineColorAndroid="transparent"
            value=""
          />
        </View>
        <View
          style={
            Array [
              Object {
                "alignItems": "flex-end",
              },
            ]
          }
        >
          <View
            accessible={true}
            focusable={true}
            isTVSelectable={true}
            onClick={[Function]}
            onResponderGrant={[Function]}
            onResponderMove={[Function]}
            onResponderRelease={[Function]}
            onResponderTerminate={[Function]}
            onResponderTerminationRequest={[Function]}
            onStartShouldSetResponder={[Function]}
            style={
              Object {
                "opacity": 1,
              }
            }
          >
            <Text
              style={
                Array [
                  Object {
                    "color": "#fff",
                    "fontSize": 10,
                    "paddingBottom": 14,
                    "paddingLeft": 0,
                    "paddingRight": 0,
                    "paddingTop": 14,
                    "textTransform": "uppercase",
                  },
                ]
              }
            >
              Forgot Password?
            </Text>
          </View>
        </View>
      </View>
    </View>
  </View>
  <View
    style={
      Array [
        Object {},
      ]
    }
  >
    <View
      accessible={true}
      focusable={false}
      isTVSelectable={true}
      onClick={[Function]}
      onResponderGrant={[Function]}
      onResponderMove={[Function]}
      onResponderRelease={[Function]}
      onResponderTerminate={[Function]}
      onResponderTerminationRequest={[Function]}
      onStartShouldSetResponder={[Function]}
      style={
        Object {
          "alignItems": "center",
          "backgroundColor": "#eb2054",
          "height": 54,
          "opacity": 1,
        }
      }
    >
      <Text
        style={
          Array [
            Object {
              "color": "#fff",
              "fontFamily": "Roboto-Regular",
              "fontSize": 18,
              "lineHeight": 54,
              "textTransform": "uppercase",
            },
          ]
        }
      >
        Sing in
      </Text>
    </View>
    <View
      style={
        Array [
          Object {
            "flexDirection": "row",
            "justifyContent": "center",
            "marginTop": 18,
            "textAlign": "center",
          },
        ]
      }
    >
      <Text
        style={
          Array [
            Object {
              "color": "#fff",
              "fontFamily": "Roboto-Thin",
              "fontSize": 12,
            },
          ]
        }
      >
        Still don’t have an account?
         
      </Text>
      <View
        accessible={true}
        focusable={true}
        isTVSelectable={true}
        onClick={[Function]}
        onResponderGrant={[Function]}
        onResponderMove={[Function]}
        onResponderRelease={[Function]}
        onResponderTerminate={[Function]}
        onResponderTerminationRequest={[Function]}
        onStartShouldSetResponder={[Function]}
        style={
          Object {
            "opacity": 1,
          }
        }
      >
        <Text
          style={
            Array [
              Object {
                "color": "#fff",
                "fontFamily": "Roboto-Regular",
                "fontSize": 12,
                "textDecorationColor": "black",
                "textDecorationLine": "underline",
                "textDecorationStyle": "solid",
              },
            ]
          }
        >
          Register now!
        </Text>
      </View>
    </View>
  </View>
</View>
`;
