// Jest Snapshot v1, https://goo.gl/fbAQLP

exports[`<FadeInLoader /> Jest tests renders correctly 1`] = `
<View
  style={
    Object {
      "opacity": 0,
    }
  }
>
  <Text>
    Some test node
  </Text>
</View>
`;
