// Jest Snapshot v1, https://goo.gl/fbAQLP

exports[`<Registry /> Jest tests renders correctly 1`] = `
<View
  accessibilityIgnoresInvertColors={true}
  style={
    Array [
      Object {
        "flexBasis": 0,
        "flexGrow": 1,
        "flexShrink": 1,
        "justifyContent": "space-between",
        "paddingBottom": 32,
        "paddingLeft": 0,
        "paddingRight": 0,
        "paddingTop": 32,
        "resizeMode": "cover",
      },
    ]
  }
>
  <Image
    source={
      Object {
        "testUri": "../../../assets/auth-bg.jpg",
      }
    }
    style={
      Array [
        Object {
          "bottom": 0,
          "left": 0,
          "position": "absolute",
          "right": 0,
          "top": 0,
        },
        Object {
          "height": undefined,
          "width": undefined,
        },
        undefined,
      ]
    }
  />
  <View
    style={
      Array [
        Object {
          "marginBottom": 32,
          "marginLeft": 14,
          "marginRight": 14,
          "marginTop": 32,
          "position": "relative",
        },
      ]
    }
  >
    <Text
      style={
        Array [
          Object {
            "color": "#fff",
            "fontFamily": "Roboto-Thin",
            "fontSize": 32,
            "textAlign": "center",
            "textTransform": "uppercase",
          },
        ]
      }
    >
      Create your account
    </Text>
  </View>
  <View
    style={
      Object {
        "opacity": 0,
      }
    }
  >
    <View
      style={
        Array [
          Object {
            "paddingBottom": 0,
            "paddingLeft": 14,
            "paddingRight": 14,
            "paddingTop": 0,
          },
        ]
      }
    >
      <View
        style={
          Array [
            Object {
              "alignItems": "center",
              "marginBottom": 32,
            },
          ]
        }
      >
        <Image
          accessible={true}
          focusable={true}
          onClick={[Function]}
          onResponderGrant={[Function]}
          onResponderMove={[Function]}
          onResponderRelease={[Function]}
          onResponderTerminate={[Function]}
          onResponderTerminationRequest={[Function]}
          onStartShouldSetResponder={[Function]}
          source={
            Object {
              "testUri": "../../../assets/upload.png",
            }
          }
          style={
            Array [
              Object {
                "height": 150,
                "width": 150,
              },
            ]
          }
        />
        <Text
          style={
            Array [
              Object {
                "color": "#fff",
                "fontFamily": "Roboto-Light",
                "fontSize": 28,
                "marginTop": 14,
              },
            ]
          }
        >
          Upload your photo
        </Text>
      </View>
      <View
        style={
          Array [
            Object {
              "marginBottom": 14,
            },
          ]
        }
      >
        <View
          style={
            Array [
              Object {
                "position": "relative",
              },
            ]
          }
        >
          <Text
            style={
              Object {
                "fontSize": 22,
                "left": 14,
                "opacity": 1,
                "position": "absolute",
                "top": 18,
              }
            }
          >
            <Text
              style={
                Array [
                  Object {
                    "color": "#fff",
                    "fontFamily": "Roboto-Light",
                  },
                ]
              }
            >
              Username
            </Text>
          </Text>
          <TextInput
            allowFontScaling={true}
            onBlur={[Function]}
            onChangeText={[Function]}
            onFocus={[Function]}
            rejectResponderTermination={true}
            secureTextEntry={false}
            style={
              Array [
                Object {
                  "borderBottomColor": "rgba(211,200,230,0.5)",
                  "borderBottomWidth": 1,
                  "color": "#fff",
                  "fontFamily": "Roboto-Light",
                  "fontSize": 16,
                  "paddingBottom": 18,
                  "paddingLeft": 14,
                  "paddingRight": 14,
                  "paddingTop": 18,
                },
              ]
            }
            underlineColorAndroid="transparent"
            value=""
          />
        </View>
      </View>
      <View
        style={
          Array [
            Object {
              "marginBottom": 14,
            },
          ]
        }
      >
        <View
          style={
            Array [
              Object {
                "position": "relative",
              },
            ]
          }
        >
          <Text
            style={
              Object {
                "fontSize": 22,
                "left": 14,
                "opacity": 1,
                "position": "absolute",
                "top": 18,
              }
            }
          >
            <Text
              style={
                Array [
                  Object {
                    "color": "#fff",
                    "fontFamily": "Roboto-Light",
                  },
                ]
              }
            >
              Email address
            </Text>
          </Text>
          <TextInput
            allowFontScaling={true}
            onBlur={[Function]}
            onChangeText={[Function]}
            onFocus={[Function]}
            rejectResponderTermination={true}
            secureTextEntry={false}
            style={
              Array [
                Object {
                  "borderBottomColor": "rgba(211,200,230,0.5)",
                  "borderBottomWidth": 1,
                  "color": "#fff",
                  "fontFamily": "Roboto-Light",
                  "fontSize": 16,
                  "paddingBottom": 18,
                  "paddingLeft": 14,
                  "paddingRight": 14,
                  "paddingTop": 18,
                },
              ]
            }
            underlineColorAndroid="transparent"
            value=""
          />
        </View>
      </View>
      <View
        style={
          Array [
            Object {
              "marginBottom": 14,
            },
          ]
        }
      >
        <View
          style={
            Array [
              Object {
                "position": "relative",
              },
            ]
          }
        >
          <Text
            style={
              Object {
                "fontSize": 22,
                "left": 14,
                "opacity": 1,
                "position": "absolute",
                "top": 18,
              }
            }
          >
            <Text
              style={
                Array [
                  Object {
                    "color": "#fff",
                    "fontFamily": "Roboto-Light",
                  },
                ]
              }
            >
              Password
            </Text>
          </Text>
          <TextInput
            allowFontScaling={true}
            onBlur={[Function]}
            onChangeText={[Function]}
            onFocus={[Function]}
            rejectResponderTermination={true}
            secureTextEntry={true}
            style={
              Array [
                Object {
                  "borderBottomColor": "rgba(211,200,230,0.5)",
                  "borderBottomWidth": 1,
                  "color": "#fff",
                  "fontFamily": "Roboto-Light",
                  "fontSize": 16,
                  "paddingBottom": 18,
                  "paddingLeft": 14,
                  "paddingRight": 14,
                  "paddingTop": 18,
                },
              ]
            }
            underlineColorAndroid="transparent"
            value=""
          />
        </View>
      </View>
      <View
        style={
          Array [
            Object {
              "marginBottom": 14,
            },
          ]
        }
      >
        <View
          style={
            Array [
              Object {
                "position": "relative",
              },
            ]
          }
        >
          <Text
            style={
              Object {
                "fontSize": 22,
                "left": 14,
                "opacity": 1,
                "position": "absolute",
                "top": 18,
              }
            }
          >
            <Text
              style={
                Array [
                  Object {
                    "color": "#fff",
                    "fontFamily": "Roboto-Light",
                  },
                ]
              }
            >
              Password check
            </Text>
          </Text>
          <TextInput
            allowFontScaling={true}
            onBlur={[Function]}
            onChangeText={[Function]}
            onFocus={[Function]}
            rejectResponderTermination={true}
            secureTextEntry={true}
            style={
              Array [
                Object {
                  "borderBottomColor": "rgba(211,200,230,0.5)",
                  "borderBottomWidth": 1,
                  "color": "#fff",
                  "fontFamily": "Roboto-Light",
                  "fontSize": 16,
                  "paddingBottom": 18,
                  "paddingLeft": 14,
                  "paddingRight": 14,
                  "paddingTop": 18,
                },
              ]
            }
            underlineColorAndroid="transparent"
            value=""
          />
        </View>
      </View>
    </View>
  </View>
  <View
    style={
      Array [
        Object {},
      ]
    }
  >
    <View
      accessible={true}
      focusable={false}
      onClick={[Function]}
      onResponderGrant={[Function]}
      onResponderMove={[Function]}
      onResponderRelease={[Function]}
      onResponderTerminate={[Function]}
      onResponderTerminationRequest={[Function]}
      onStartShouldSetResponder={[Function]}
      style={
        Object {
          "alignItems": "center",
          "backgroundColor": "#eb2054",
          "height": 54,
          "opacity": 1,
        }
      }
    >
      <Text
        style={
          Array [
            Object {
              "color": "#fff",
              "fontFamily": "Roboto-Regular",
              "fontSize": 18,
              "lineHeight": 54,
              "textTransform": "uppercase",
            },
          ]
        }
      >
        Sign up
      </Text>
    </View>
    <View
      style={
        Array [
          Object {
            "flexDirection": "row",
            "justifyContent": "center",
            "marginTop": 18,
            "textAlign": "center",
          },
        ]
      }
    >
      <Text
        style={
          Array [
            Object {
              "color": "#fff",
              "fontFamily": "Roboto-Thin",
              "fontSize": 12,
            },
          ]
        }
      >
        Have an account?
         
      </Text>
      <View
        accessible={true}
        focusable={true}
        onClick={[Function]}
        onResponderGrant={[Function]}
        onResponderMove={[Function]}
        onResponderRelease={[Function]}
        onResponderTerminate={[Function]}
        onResponderTerminationRequest={[Function]}
        onStartShouldSetResponder={[Function]}
        style={
          Object {
            "opacity": 1,
          }
        }
      >
        <Text
          style={
            Array [
              Object {
                "color": "#fff",
                "fontFamily": "Roboto-Regular",
                "fontSize": 12,
                "textDecorationColor": "black",
                "textDecorationLine": "underline",
                "textDecorationStyle": "solid",
              },
            ]
          }
        >
          Sign in!
        </Text>
      </View>
    </View>
  </View>
</View>
`;
